==================== 2026-03-02T00:51:16.671504Z | 94cdd02c-6bb2-4518-a22d-1bdf52db3f33 ====================
00:51:16.671541 [info ]: Starting dbt LSP server
00:51:16.671555 [info ]: Connecting to LSP client on port 39017
00:51:16.671696 [info ]: Successfully connected to LSP client
00:51:16.671703 [info ]: Creating LSP service...
00:51:16.720293 [info ]: Creating LSP server...
00:51:16.720311 [info ]: Starting LSP server...
00:51:16.964863 [info ]: Started loading project
00:51:16.964971 [info ]: Finished loading project [  0.00s]
==================== 2026-03-02T00:51:44.767814Z | 68d87e7a-9728-4cba-9afc-eb89f952a025 ====================
00:51:44.767854 [info ]: Starting dbt LSP server
00:51:44.767868 [info ]: Connecting to LSP client on port 38203
00:51:44.768008 [info ]: Successfully connected to LSP client
00:51:44.768016 [info ]: Creating LSP service...
00:51:44.816357 [info ]: Creating LSP server...
00:51:44.816380 [info ]: Starting LSP server...
00:51:45.104918 [info ]: Started loading project
00:51:45.105013 [info ]: Finished loading project [  0.00s]
==================== 2026-03-02T00:59:31.414373Z | 45567db2-55a4-477a-af3d-ea3bccd1ee87 ====================
00:59:31.414411 [info ]: Starting dbt LSP server
00:59:31.414422 [info ]: Connecting to LSP client on port 33145
00:59:31.414565 [info ]: Successfully connected to LSP client
00:59:31.414572 [info ]: Creating LSP service...
00:59:31.463753 [info ]: Creating LSP server...
00:59:31.463777 [info ]: Starting LSP server...
00:59:31.724894 [info ]: Started loading project
00:59:31.724987 [info ]: Finished loading project [  0.00s]
==================== 2026-03-02T01:02:29.649922Z | 13e8972b-cfc0-4f1b-8730-5888f760bcbf ====================
01:02:29.649959 [info ]: Starting dbt LSP server
01:02:29.649973 [info ]: Connecting to LSP client on port 54479
01:02:29.650114 [info ]: Successfully connected to LSP client
01:02:29.650122 [info ]: Creating LSP service...
01:02:29.698454 [info ]: Creating LSP server...
01:02:29.698474 [info ]: Starting LSP server...
01:02:30.204883 [info ]: Started loading project
01:02:30.204971 [info ]: Finished loading project [  0.00s]
==================== 2026-03-02T01:03:33.183556Z | 57ddfdef-69b1-4c78-886e-6a065f383663 ====================
01:03:33.183596 [info ]: Starting dbt LSP server
01:03:33.183611 [info ]: Connecting to LSP client on port 57275
01:03:33.183774 [info ]: Successfully connected to LSP client
01:03:33.183781 [info ]: Creating LSP service...
01:03:33.233155 [info ]: Creating LSP server...
01:03:33.233181 [info ]: Starting LSP server...
01:03:33.737302 [info ]: Started loading project
01:03:33.737410 [info ]: Finished loading project [  0.00s]
==================== 2026-03-02T01:05:02.729986Z | 9e97a5f7-7f20-4731-8b2d-a9c6302a5e02 ====================
01:05:02.730026 [info ]: Starting dbt LSP server
01:05:02.730036 [info ]: Connecting to LSP client on port 60195
01:05:02.730191 [info ]: Successfully connected to LSP client
01:05:02.730198 [info ]: Creating LSP service...
01:05:02.779966 [info ]: Creating LSP server...
01:05:02.779993 [info ]: Starting LSP server...
01:05:03.304958 [info ]: Started loading project
01:05:03.305054 [info ]: Finished loading project [  0.00s]
==================== 2026-03-02T01:07:37.151561Z | a4575cae-cc7d-44d4-99a1-d80834b96949 ====================
01:07:37.151596 [info ]: Starting dbt LSP server
01:07:37.151611 [info ]: Connecting to LSP client on port 49035
01:07:37.151765 [info ]: Successfully connected to LSP client
01:07:37.151773 [info ]: Creating LSP service...
01:07:37.200990 [info ]: Creating LSP server...
01:07:37.201009 [info ]: Starting LSP server...
01:07:37.494794 [info ]: Started loading project
01:07:37.494872 [info ]: Finished loading project [  0.00s]
==================== 2026-03-02T01:07:43.698096Z | 6f6208ee-5742-4d5e-b31b-a6757e702187 ====================
01:07:43.698136 [info ]: Starting dbt LSP server
01:07:43.698152 [info ]: Connecting to LSP client on port 60145
01:07:43.698290 [info ]: Successfully connected to LSP client
01:07:43.698297 [info ]: Creating LSP service...
01:07:43.746774 [info ]: Creating LSP server...
01:07:43.746792 [info ]: Starting LSP server...
01:07:44.394853 [info ]: Started loading project
01:07:44.394950 [info ]: Finished loading project [  0.00s]
==================== 2026-03-02T01:09:01.271204Z | 1d3d5c0a-2bdc-4d36-a792-76d2a66392a7 ====================
01:09:01.271249 [info ]: Starting dbt LSP server
01:09:01.271266 [info ]: Connecting to LSP client on port 46621
01:09:01.271451 [info ]: Successfully connected to LSP client
01:09:01.271458 [info ]: Creating LSP service...
01:09:01.323475 [info ]: Creating LSP server...
01:09:01.323502 [info ]: Starting LSP server...
01:09:01.765250 [info ]: Started loading project
01:09:01.765346 [info ]: Finished loading project [  0.00s]
==================== 2026-03-02T01:09:13.952706Z | ad2ac8d3-3a81-44ec-a9c0-385ed3433bc0 ====================
01:09:13.952750 [info ]: Starting dbt LSP server
01:09:13.952766 [info ]: Connecting to LSP client on port 59843
01:09:13.952949 [info ]: Successfully connected to LSP client
01:09:13.952956 [info ]: Creating LSP service...
01:09:14.002513 [info ]: Creating LSP server...
01:09:14.002542 [info ]: Starting LSP server...
01:09:14.234894 [info ]: Started loading project
01:09:14.234989 [info ]: Finished loading project [  0.00s]
==================== 2026-03-02T01:10:50.902474Z | b9b59a9e-eb93-48be-b5e1-6196df32ee7a ====================
01:10:50.902515 [info ]: Starting dbt LSP server
01:10:50.902531 [info ]: Connecting to LSP client on port 39835
01:10:50.902682 [info ]: Successfully connected to LSP client
01:10:50.902689 [info ]: Creating LSP service...
01:10:50.953221 [info ]: Creating LSP server...
01:10:50.953251 [info ]: Starting LSP server...
01:10:53.505023 [info ]: Started loading project
01:10:53.505122 [info ]: Finished loading project [  0.00s]
